{"start": "fusion_clean_seed42", "device": "cpu", "parameters": 4501074}
{"run": "fusion_clean_seed42", "epoch": 1, "loss": 1.0647, "score": 1.4159, "clean_mae": 0.7594, "clean_f1": 0.3524, "TAV30_mae": 0.7716, "seconds": 8.1, "best": true}
{"run": "fusion_clean_seed42", "epoch": 2, "loss": 0.9178, "score": 1.2453, "clean_mae": 0.6791, "clean_f1": 0.4528, "TAV30_mae": 0.7024, "seconds": 8.0, "best": true}
{"run": "fusion_clean_seed42", "epoch": 3, "loss": 0.8168, "score": 1.1703, "clean_mae": 0.6714, "clean_f1": 0.5201, "TAV30_mae": 0.6773, "seconds": 8.0, "best": true}
{"run": "fusion_clean_seed42", "epoch": 4, "loss": 0.7394, "score": 1.1712, "clean_mae": 0.6887, "clean_f1": 0.5265, "TAV30_mae": 0.6914, "seconds": 9.0, "best": false}
{"run": "fusion_clean_seed42", "epoch": 5, "loss": 0.6864, "score": 1.1055, "clean_mae": 0.6457, "clean_f1": 0.557, "TAV30_mae": 0.6635, "seconds": 9.3, "best": true}
{"run": "fusion_clean_seed42", "epoch": 6, "loss": 0.6439, "score": 1.1477, "clean_mae": 0.6813, "clean_f1": 0.5543, "TAV30_mae": 0.6965, "seconds": 11.0, "best": false}
{"run": "fusion_clean_seed42", "epoch": 7, "loss": 0.5515, "score": 1.1286, "clean_mae": 0.6559, "clean_f1": 0.5476, "TAV30_mae": 0.6745, "seconds": 10.1, "best": false}
{"run": "fusion_clean_seed42", "epoch": 8, "loss": 0.5062, "score": 1.1491, "clean_mae": 0.69, "clean_f1": 0.5438, "TAV30_mae": 0.6948, "seconds": 9.1, "best": false}
{"run": "fusion_clean_seed42", "epoch": 9, "loss": 0.4753, "score": 1.1755, "clean_mae": 0.7026, "clean_f1": 0.532, "TAV30_mae": 0.7048, "seconds": 9.3, "best": false}
{"run": "fusion_clean_seed42", "epoch": 10, "loss": 0.4315, "score": 1.1243, "clean_mae": 0.6596, "clean_f1": 0.5556, "TAV30_mae": 0.6785, "seconds": 9.5, "best": false}
{"start": "fusion_aug_seed42", "device": "cpu", "parameters": 4501074}
{"run": "fusion_aug_seed42", "epoch": 1, "loss": 1.0762, "score": 1.4173, "clean_mae": 0.7526, "clean_f1": 0.3497, "TAV30_mae": 0.7601, "seconds": 9.8, "best": true}
{"run": "fusion_aug_seed42", "epoch": 2, "loss": 0.9625, "score": 1.2724, "clean_mae": 0.6915, "clean_f1": 0.437, "TAV30_mae": 0.7091, "seconds": 10.1, "best": true}
{"run": "fusion_aug_seed42", "epoch": 3, "loss": 0.885, "score": 1.1812, "clean_mae": 0.6618, "clean_f1": 0.4934, "TAV30_mae": 0.6829, "seconds": 9.6, "best": true}
{"run": "fusion_aug_seed42", "epoch": 4, "loss": 0.8299, "score": 1.1597, "clean_mae": 0.6794, "clean_f1": 0.534, "TAV30_mae": 0.687, "seconds": 9.8, "best": true}
{"run": "fusion_aug_seed42", "epoch": 5, "loss": 0.792, "score": 1.1152, "clean_mae": 0.6402, "clean_f1": 0.5419, "TAV30_mae": 0.6576, "seconds": 9.5, "best": true}
{"run": "fusion_aug_seed42", "epoch": 6, "loss": 0.752, "score": 1.1144, "clean_mae": 0.6523, "clean_f1": 0.5522, "TAV30_mae": 0.6626, "seconds": 9.7, "best": true}
{"run": "fusion_aug_seed42", "epoch": 7, "loss": 0.6864, "score": 1.1045, "clean_mae": 0.6432, "clean_f1": 0.5497, "TAV30_mae": 0.655, "seconds": 9.4, "best": true}
{"run": "fusion_aug_seed42", "epoch": 8, "loss": 0.6477, "score": 1.1281, "clean_mae": 0.6559, "clean_f1": 0.5433, "TAV30_mae": 0.6734, "seconds": 9.5, "best": false}
{"run": "fusion_aug_seed42", "epoch": 9, "loss": 0.642, "score": 1.1358, "clean_mae": 0.6699, "clean_f1": 0.5508, "TAV30_mae": 0.6819, "seconds": 9.7, "best": false}
{"run": "fusion_aug_seed42", "epoch": 10, "loss": 0.6003, "score": 1.1015, "clean_mae": 0.6428, "clean_f1": 0.5471, "TAV30_mae": 0.6484, "seconds": 9.7, "best": true}
{"run": "fusion_aug_seed42", "epoch": 11, "loss": 0.5733, "score": 1.1121, "clean_mae": 0.6546, "clean_f1": 0.5581, "TAV30_mae": 0.6643, "seconds": 9.6, "best": false}
{"run": "fusion_aug_seed42", "epoch": 12, "loss": 0.5629, "score": 1.1303, "clean_mae": 0.6698, "clean_f1": 0.5513, "TAV30_mae": 0.6764, "seconds": 10.0, "best": false}
{"run": "fusion_aug_seed42", "epoch": 13, "loss": 0.5261, "score": 1.1207, "clean_mae": 0.6611, "clean_f1": 0.5571, "TAV30_mae": 0.6721, "seconds": 9.7, "best": false}
{"run": "fusion_aug_seed42", "epoch": 14, "loss": 0.564, "score": 1.1225, "clean_mae": 0.6604, "clean_f1": 0.5512, "TAV30_mae": 0.669, "seconds": 9.9, "best": false}
{"run": "fusion_aug_seed42", "epoch": 15, "loss": 0.5128, "score": 1.1226, "clean_mae": 0.6571, "clean_f1": 0.5449, "TAV30_mae": 0.6644, "seconds": 10.0, "best": false}
{"start": "robust_norec_seed42", "device": "cpu", "parameters": 4501074}
{"run": "robust_norec_seed42", "epoch": 1, "loss": 1.0821, "score": 1.4535, "clean_mae": 0.7778, "clean_f1": 0.3401, "TAV30_mae": 0.7843, "seconds": 10.3, "best": true}
{"run": "robust_norec_seed42", "epoch": 2, "loss": 0.9617, "score": 1.2645, "clean_mae": 0.6926, "clean_f1": 0.4361, "TAV30_mae": 0.7097, "seconds": 10.5, "best": true}
{"run": "robust_norec_seed42", "epoch": 3, "loss": 0.8852, "score": 1.1899, "clean_mae": 0.6652, "clean_f1": 0.4877, "TAV30_mae": 0.6838, "seconds": 10.6, "best": true}
{"run": "robust_norec_seed42", "epoch": 4, "loss": 0.8336, "score": 1.1448, "clean_mae": 0.675, "clean_f1": 0.5398, "TAV30_mae": 0.6784, "seconds": 10.5, "best": true}
{"run": "robust_norec_seed42", "epoch": 5, "loss": 0.7874, "score": 1.1047, "clean_mae": 0.6351, "clean_f1": 0.5467, "TAV30_mae": 0.6501, "seconds": 10.4, "best": true}
{"run": "robust_norec_seed42", "epoch": 6, "loss": 0.7542, "score": 1.1206, "clean_mae": 0.66, "clean_f1": 0.5557, "TAV30_mae": 0.6653, "seconds": 10.5, "best": false}
{"run": "robust_norec_seed42", "epoch": 7, "loss": 0.6774, "score": 1.107, "clean_mae": 0.6527, "clean_f1": 0.5524, "TAV30_mae": 0.6567, "seconds": 11.2, "best": false}
{"run": "robust_norec_seed42", "epoch": 8, "loss": 0.6344, "score": 1.1233, "clean_mae": 0.6651, "clean_f1": 0.554, "TAV30_mae": 0.6766, "seconds": 12.1, "best": false}
{"run": "robust_norec_seed42", "epoch": 9, "loss": 0.6276, "score": 1.1232, "clean_mae": 0.6622, "clean_f1": 0.5506, "TAV30_mae": 0.6724, "seconds": 11.0, "best": false}
{"run": "robust_norec_seed42", "epoch": 10, "loss": 0.5822, "score": 1.0951, "clean_mae": 0.6386, "clean_f1": 0.54, "TAV30_mae": 0.6472, "seconds": 11.2, "best": true}
{"run": "robust_norec_seed42", "epoch": 11, "loss": 0.5579, "score": 1.1055, "clean_mae": 0.6489, "clean_f1": 0.5497, "TAV30_mae": 0.6596, "seconds": 11.0, "best": false}
{"run": "robust_norec_seed42", "epoch": 12, "loss": 0.5428, "score": 1.1204, "clean_mae": 0.6615, "clean_f1": 0.5442, "TAV30_mae": 0.6674, "seconds": 10.7, "best": false}
{"run": "robust_norec_seed42", "epoch": 13, "loss": 0.5112, "score": 1.1228, "clean_mae": 0.6625, "clean_f1": 0.5469, "TAV30_mae": 0.6695, "seconds": 11.2, "best": false}
{"run": "robust_norec_seed42", "epoch": 14, "loss": 0.5402, "score": 1.1107, "clean_mae": 0.6525, "clean_f1": 0.5463, "TAV30_mae": 0.6602, "seconds": 11.0, "best": false}
{"run": "robust_norec_seed42", "epoch": 15, "loss": 0.4944, "score": 1.1105, "clean_mae": 0.6505, "clean_f1": 0.5428, "TAV30_mae": 0.6564, "seconds": 11.1, "best": false}
{"start": "robust_rec_seed42", "device": "cpu", "parameters": 4501074}
{"run": "robust_rec_seed42", "epoch": 1, "loss": 1.1027, "score": 1.4575, "clean_mae": 0.7795, "clean_f1": 0.3401, "TAV30_mae": 0.7857, "seconds": 12.1, "best": true}
{"run": "robust_rec_seed42", "epoch": 2, "loss": 0.9805, "score": 1.2684, "clean_mae": 0.6924, "clean_f1": 0.4313, "TAV30_mae": 0.7088, "seconds": 13.3, "best": true}
{"run": "robust_rec_seed42", "epoch": 3, "loss": 0.9031, "score": 1.1898, "clean_mae": 0.6637, "clean_f1": 0.4832, "TAV30_mae": 0.682, "seconds": 12.1, "best": true}
{"run": "robust_rec_seed42", "epoch": 4, "loss": 0.8517, "score": 1.1488, "clean_mae": 0.6749, "clean_f1": 0.5332, "TAV30_mae": 0.6807, "seconds": 11.5, "best": true}
{"run": "robust_rec_seed42", "epoch": 5, "loss": 0.8047, "score": 1.1086, "clean_mae": 0.6351, "clean_f1": 0.5395, "TAV30_mae": 0.6496, "seconds": 11.7, "best": true}
{"run": "robust_rec_seed42", "epoch": 6, "loss": 0.7722, "score": 1.1187, "clean_mae": 0.6606, "clean_f1": 0.5578, "TAV30_mae": 0.665, "seconds": 11.8, "best": false}
{"run": "robust_rec_seed42", "epoch": 7, "loss": 0.6957, "score": 1.1099, "clean_mae": 0.6533, "clean_f1": 0.5526, "TAV30_mae": 0.6555, "seconds": 12.0, "best": false}
{"run": "robust_rec_seed42", "epoch": 8, "loss": 0.6524, "score": 1.1293, "clean_mae": 0.6681, "clean_f1": 0.5432, "TAV30_mae": 0.6762, "seconds": 11.8, "best": false}
{"run": "robust_rec_seed42", "epoch": 9, "loss": 0.6456, "score": 1.121, "clean_mae": 0.6611, "clean_f1": 0.5471, "TAV30_mae": 0.6704, "seconds": 12.0, "best": false}
{"run": "robust_rec_seed42", "epoch": 10, "loss": 0.6, "score": 1.0947, "clean_mae": 0.6378, "clean_f1": 0.5417, "TAV30_mae": 0.6478, "seconds": 11.8, "best": true}
{"run": "robust_rec_seed42", "epoch": 11, "loss": 0.5748, "score": 1.1086, "clean_mae": 0.6487, "clean_f1": 0.5489, "TAV30_mae": 0.6586, "seconds": 12.1, "best": false}
{"run": "robust_rec_seed42", "epoch": 12, "loss": 0.56, "score": 1.118, "clean_mae": 0.6619, "clean_f1": 0.5507, "TAV30_mae": 0.6669, "seconds": 12.1, "best": false}
{"run": "robust_rec_seed42", "epoch": 13, "loss": 0.5286, "score": 1.1267, "clean_mae": 0.6655, "clean_f1": 0.545, "TAV30_mae": 0.6709, "seconds": 12.2, "best": false}
{"run": "robust_rec_seed42", "epoch": 14, "loss": 0.5586, "score": 1.1116, "clean_mae": 0.6545, "clean_f1": 0.5457, "TAV30_mae": 0.6617, "seconds": 12.7, "best": false}
{"run": "robust_rec_seed42", "epoch": 15, "loss": 0.5119, "score": 1.1115, "clean_mae": 0.6522, "clean_f1": 0.5408, "TAV30_mae": 0.6587, "seconds": 12.6, "best": false}
{"start": "text_only_seed42", "device": "cpu", "parameters": 4501074}
{"run": "text_only_seed42", "epoch": 1, "loss": 1.0656, "score": 1.3389, "clean_mae": 0.7196, "clean_f1": 0.393, "TAV30_mae": 0.724, "seconds": 12.0, "best": true}
{"run": "text_only_seed42", "epoch": 2, "loss": 0.9464, "score": 1.203, "clean_mae": 0.6769, "clean_f1": 0.4913, "TAV30_mae": 0.6931, "seconds": 11.0, "best": true}
{"run": "text_only_seed42", "epoch": 3, "loss": 0.8489, "score": 1.1659, "clean_mae": 0.6768, "clean_f1": 0.5138, "TAV30_mae": 0.6732, "seconds": 11.5, "best": true}
{"run": "text_only_seed42", "epoch": 4, "loss": 0.7681, "score": 1.1878, "clean_mae": 0.691, "clean_f1": 0.5128, "TAV30_mae": 0.6833, "seconds": 11.4, "best": false}
{"run": "text_only_seed42", "epoch": 5, "loss": 0.7027, "score": 1.1437, "clean_mae": 0.6636, "clean_f1": 0.5355, "TAV30_mae": 0.6692, "seconds": 11.8, "best": true}
{"run": "text_only_seed42", "epoch": 6, "loss": 0.6649, "score": 1.1701, "clean_mae": 0.6998, "clean_f1": 0.5394, "TAV30_mae": 0.6986, "seconds": 10.6, "best": false}
{"run": "text_only_seed42", "epoch": 7, "loss": 0.5635, "score": 1.1289, "clean_mae": 0.6487, "clean_f1": 0.5313, "TAV30_mae": 0.6596, "seconds": 9.1, "best": true}
{"run": "text_only_seed42", "epoch": 8, "loss": 0.5163, "score": 1.1612, "clean_mae": 0.6919, "clean_f1": 0.5478, "TAV30_mae": 0.7005, "seconds": 8.8, "best": false}
{"run": "text_only_seed42", "epoch": 9, "loss": 0.4844, "score": 1.1867, "clean_mae": 0.7137, "clean_f1": 0.5446, "TAV30_mae": 0.728, "seconds": 9.0, "best": false}
{"run": "text_only_seed42", "epoch": 10, "loss": 0.4371, "score": 1.1561, "clean_mae": 0.6706, "clean_f1": 0.5305, "TAV30_mae": 0.6845, "seconds": 8.6, "best": false}
{"run": "text_only_seed42", "epoch": 11, "loss": 0.4132, "score": 1.1662, "clean_mae": 0.6889, "clean_f1": 0.5407, "TAV30_mae": 0.7021, "seconds": 8.6, "best": false}
{"run": "text_only_seed42", "epoch": 12, "loss": 0.3912, "score": 1.1609, "clean_mae": 0.6782, "clean_f1": 0.5459, "TAV30_mae": 0.7053, "seconds": 9.0, "best": false}
{"start": "robust_nogate_seed42", "device": "cpu", "parameters": 4501074}
{"run": "robust_nogate_seed42", "epoch": 1, "loss": 1.1005, "score": 1.4421, "clean_mae": 0.7678, "clean_f1": 0.342, "TAV30_mae": 0.7766, "seconds": 9.6, "best": true}
{"run": "robust_nogate_seed42", "epoch": 2, "loss": 0.9844, "score": 1.2754, "clean_mae": 0.693, "clean_f1": 0.4364, "TAV30_mae": 0.7109, "seconds": 7.7, "best": true}
{"run": "robust_nogate_seed42", "epoch": 3, "loss": 0.9043, "score": 1.197, "clean_mae": 0.6673, "clean_f1": 0.4825, "TAV30_mae": 0.6887, "seconds": 6.3, "best": true}
{"run": "robust_nogate_seed42", "epoch": 4, "loss": 0.8486, "score": 1.17, "clean_mae": 0.6812, "clean_f1": 0.5285, "TAV30_mae": 0.6881, "seconds": 6.2, "best": true}
{"run": "robust_nogate_seed42", "epoch": 5, "loss": 0.8073, "score": 1.1186, "clean_mae": 0.6428, "clean_f1": 0.5453, "TAV30_mae": 0.661, "seconds": 6.3, "best": true}
{"run": "robust_nogate_seed42", "epoch": 6, "loss": 0.7709, "score": 1.1203, "clean_mae": 0.6556, "clean_f1": 0.5466, "TAV30_mae": 0.665, "seconds": 6.5, "best": false}
{"run": "robust_nogate_seed42", "epoch": 7, "loss": 0.703, "score": 1.103, "clean_mae": 0.645, "clean_f1": 0.5477, "TAV30_mae": 0.6525, "seconds": 6.3, "best": true}
{"run": "robust_nogate_seed42", "epoch": 8, "loss": 0.6631, "score": 1.1233, "clean_mae": 0.6565, "clean_f1": 0.5511, "TAV30_mae": 0.6732, "seconds": 6.3, "best": false}
{"run": "robust_nogate_seed42", "epoch": 9, "loss": 0.6568, "score": 1.1381, "clean_mae": 0.6738, "clean_f1": 0.5499, "TAV30_mae": 0.6804, "seconds": 6.2, "best": false}
{"run": "robust_nogate_seed42", "epoch": 10, "loss": 0.6145, "score": 1.1012, "clean_mae": 0.6448, "clean_f1": 0.5485, "TAV30_mae": 0.6491, "seconds": 6.3, "best": true}
{"run": "robust_nogate_seed42", "epoch": 11, "loss": 0.588, "score": 1.1097, "clean_mae": 0.6551, "clean_f1": 0.5601, "TAV30_mae": 0.6635, "seconds": 6.4, "best": false}
{"run": "robust_nogate_seed42", "epoch": 12, "loss": 0.5763, "score": 1.1211, "clean_mae": 0.6681, "clean_f1": 0.5581, "TAV30_mae": 0.6751, "seconds": 6.2, "best": false}
{"run": "robust_nogate_seed42", "epoch": 13, "loss": 0.5418, "score": 1.1174, "clean_mae": 0.6636, "clean_f1": 0.5567, "TAV30_mae": 0.6688, "seconds": 6.3, "best": false}
{"run": "robust_nogate_seed42", "epoch": 14, "loss": 0.5777, "score": 1.1218, "clean_mae": 0.6643, "clean_f1": 0.5513, "TAV30_mae": 0.6672, "seconds": 6.3, "best": false}
{"run": "robust_nogate_seed42", "epoch": 15, "loss": 0.5284, "score": 1.1178, "clean_mae": 0.658, "clean_f1": 0.5491, "TAV30_mae": 0.6617, "seconds": 6.2, "best": false}
